7 1 6 2
3 2 4 4
5 2 5 5
5 2 6 6
5 3 6 8
4 4 6 10
11